fa6brands0 FontAwesome6Brands-Regular "fa6brands0 ReEncodeFont" <[fa6brands0.enc <FontAwesome6Brands-Regular.pfb
fa6brands1 FontAwesome6Brands-Regular "fa6brands1 ReEncodeFont" <[fa6brands1.enc <FontAwesome6Brands-Regular.pfb
fa6brands2 FontAwesome6Brands-Regular "fa6brands2 ReEncodeFont" <[fa6brands2.enc <FontAwesome6Brands-Regular.pfb
fa6free0regular FontAwesome6Free-Regular "fa6free0 ReEncodeFont" <[fa6free0.enc <FontAwesome6Free-Regular.pfb
fa6free0solid FontAwesome6Free-Solid "fa6free0 ReEncodeFont" <[fa6free0.enc <FontAwesome6Free-Solid.pfb
fa6free1regular FontAwesome6Free-Regular "fa6free1 ReEncodeFont" <[fa6free1.enc <FontAwesome6Free-Regular.pfb
fa6free1solid FontAwesome6Free-Solid "fa6free1 ReEncodeFont" <[fa6free1.enc <FontAwesome6Free-Solid.pfb
fa6free2regular FontAwesome6Free-Regular "fa6free2 ReEncodeFont" <[fa6free2.enc <FontAwesome6Free-Regular.pfb
fa6free2solid FontAwesome6Free-Solid "fa6free2 ReEncodeFont" <[fa6free2.enc <FontAwesome6Free-Solid.pfb
fa6free3regular FontAwesome6Free-Regular "fa6free3 ReEncodeFont" <[fa6free3.enc <FontAwesome6Free-Regular.pfb
fa6free3solid FontAwesome6Free-Solid "fa6free3 ReEncodeFont" <[fa6free3.enc <FontAwesome6Free-Solid.pfb
fa6free4regular FontAwesome6Free-Regular "fa6free4 ReEncodeFont" <[fa6free4.enc <FontAwesome6Free-Regular.pfb
fa6free4solid FontAwesome6Free-Solid "fa6free4 ReEncodeFont" <[fa6free4.enc <FontAwesome6Free-Solid.pfb
fa6free5regular FontAwesome6Free-Regular "fa6free5 ReEncodeFont" <[fa6free5.enc <FontAwesome6Free-Regular.pfb
fa6free5solid FontAwesome6Free-Solid "fa6free5 ReEncodeFont" <[fa6free5.enc <FontAwesome6Free-Solid.pfb
